
> gopal-cake-shop-prototype@0.1.0 build
> next build

Γû▓ Next.js 16.2.9 (Turbopack)
- Environments: .env.local, .env

node.exe : ΓÜá The "middleware" file convention is deprecated. Please use "proxy" instead. Learn more: 
https://nextjs.org/docs/messages/middleware-to-proxy
At line:1 char:1
+ & "C:\Program Files\nodejs/node.exe" "C:\Program Files\nodejs/node_mo ...
+ ~~~~~~~~~~~~~~~~~~~~~~~~~~~~~~~~~~~~~~~~~~~~~~~~~~~~~~~~~~~~~~~~~~~~~
    + CategoryInfo          : NotSpecified: (ΓÜá The "middle...leware-to-proxy:String) [], RemoteException
    + FullyQualifiedErrorId : NativeCommandError
 
  Creating an optimized production build ...

> Build error occurred
Error: Turbopack build failed with 1 errors:
./src/app/order/[orderId]/page.tsx:149:9
the name `handleDownloadInvoice` is defined multiple times
  [90m147 |[0m   };
  [90m148 |[0m
[31m[1m>[0m [90m149 |[0m   [36mconst[0m handleDownloadInvoice = [36masync[0m () => {
  [90m    |[0m         [31m[1m^^^^^^^^^^^^^^^^^^^^^[0m
  [90m150 |[0m     [36mif[0m (!order) [36mreturn[0m;
  [90m151 |[0m     [36mtry[0m {
  [90m152 |[0m       [36mconst[0m res = [36mawait[0m fetch([32m`/api/orders/[0m${order.id[32m}/invoice`[0m);

Ecmascript file had an error

Import traces:
  Client Component Browser:
    ./src/app/order/[orderId]/page.tsx [Client Component Browser]
    ./src/app/order/[orderId]/page.tsx [Server Component]

  Client Component SSR:
    ./src/app/order/[orderId]/page.tsx [Client Component SSR]
    ./src/app/order/[orderId]/page.tsx [Server Component]


    at <unknown> (./src/app/order/[orderId]/page.tsx:149:9)
